[2026-03-31T16:33:18.282Z] GET https://arcsys.one/google37ef9ddfb8568460.html → pending (?ms, ?B)
[2026-03-31T16:33:21.163Z] GET https://www.arcsys.one/google37ef9ddfb8568460.html → 404 (197ms, 12387B)
[2026-03-31T16:33:21.363Z] GET https://www.arcsys.one/_next/static/media/e4af272ccee01ff0-s.p.woff2 → 200 (350ms, 48432B)
[2026-03-31T16:33:21.364Z] GET https://www.arcsys.one/logo.png → 200 (51ms, 724594B)
[2026-03-31T16:33:21.364Z] GET https://www.arcsys.one/_next/static/css/e8eb0937c05b31db.css → 200 (321ms, 12143B)
[2026-03-31T16:33:21.364Z] GET https://www.arcsys.one/_next/static/chunks/webpack-1bd99802352089c3.js → pending (?ms, ?B)
[2026-03-31T16:33:21.364Z] GET https://www.arcsys.one/_next/static/chunks/4bd1b696-c023c6e3521b1417.js → pending (?ms, ?B)
[2026-03-31T16:33:21.364Z] GET https://www.arcsys.one/_next/static/chunks/255-aaafc19c72668c72.js → pending (?ms, ?B)
[2026-03-31T16:33:21.365Z] GET https://www.arcsys.one/_next/static/chunks/main-app-f9b5d20365cb8be2.js → pending (?ms, ?B)
[2026-03-31T16:33:21.365Z] GET https://www.arcsys.one/_next/static/chunks/619-ba102abea3e3d0e4.js → pending (?ms, ?B)
[2026-03-31T16:33:21.365Z] GET https://www.arcsys.one/_next/static/chunks/app/layout-4e3e174bdcf8ed51.js → pending (?ms, ?B)
[2026-03-31T16:33:21.365Z] GET https://www.arcsys.one/_next/static/chunks/app/page-9a57667bd633abe8.js → pending (?ms, ?B)
[2026-03-31T16:33:21.365Z] GET https://cdn.paddle.com/paddle/v2/paddle.js → 200 (358ms, 52127B)
[2026-03-31T16:33:22.303Z] GET https://www.arcsys.one/index.txt?_rsc=a0eu7 → 200 (58ms, 7451B)
[2026-03-31T16:33:22.303Z] GET https://www.arcsys.one/tracy.txt?_rsc=a0eu7 → 200 (43ms, 7714B)
[2026-03-31T16:33:22.303Z] GET https://www.arcsys.one/about.txt?_rsc=a0eu7 → 200 (42ms, 6381B)
[2026-03-31T16:33:22.303Z] GET https://www.arcsys.one/support.txt?_rsc=a0eu7 → 200 (44ms, 8364B)
[2026-03-31T16:33:22.303Z] GET https://www.arcsys.one/privacy.txt?_rsc=a0eu7 → 200 (50ms, 11452B)
[2026-03-31T16:33:22.346Z] GET https://www.arcsys.one/terms.txt?_rsc=a0eu7 → 200 (42ms, 11134B)
[2026-03-31T16:33:22.347Z] GET https://www.arcsys.one/refunds.txt?_rsc=a0eu7 → 200 (54ms, 7858B)
[2026-03-31T16:35:10.217Z] GET https://arcsys.one/google37ef9ddfb8568460.html → 307 (51ms, ?B)
[2026-03-31T16:35:10.268Z] GET https://www.arcsys.one/google37ef9ddfb8568460.html → 404 (55ms, 12387B)
[2026-03-31T16:35:10.328Z] GET https://www.arcsys.one/_next/static/media/e4af272ccee01ff0-s.p.woff2 → 200 (?ms, ?B)
[2026-03-31T16:35:10.329Z] GET https://www.arcsys.one/logo.png → 304 (40ms, ?B)
[2026-03-31T16:35:10.329Z] GET https://www.arcsys.one/_next/static/css/e8eb0937c05b31db.css → 200 (?ms, 12143B)
[2026-03-31T16:35:10.329Z] GET https://www.arcsys.one/_next/static/chunks/webpack-1bd99802352089c3.js → 200 (1ms, 3841B)
[2026-03-31T16:35:10.330Z] GET https://www.arcsys.one/_next/static/chunks/4bd1b696-c023c6e3521b1417.js → 200 (?ms, 173019B)
[2026-03-31T16:35:10.331Z] GET https://www.arcsys.one/_next/static/chunks/255-aaafc19c72668c72.js → 200 (?ms, 172730B)
[2026-03-31T16:35:10.331Z] GET https://www.arcsys.one/_next/static/chunks/main-app-f9b5d20365cb8be2.js → 200 (?ms, 557B)
[2026-03-31T16:35:10.332Z] GET https://www.arcsys.one/_next/static/chunks/619-ba102abea3e3d0e4.js → 200 (?ms, 8537B)
[2026-03-31T16:35:10.332Z] GET https://www.arcsys.one/_next/static/chunks/app/layout-4e3e174bdcf8ed51.js → 200 (?ms, 3336B)
[2026-03-31T16:35:10.332Z] GET https://www.arcsys.one/_next/static/chunks/app/page-9a57667bd633abe8.js → 200 (?ms, 187B)
[2026-03-31T16:35:10.333Z] GET https://cdn.paddle.com/paddle/v2/paddle.js → 200 (?ms, 52127B)
[2026-03-31T16:35:10.350Z] GET https://www.arcsys.one/index.txt?_rsc=a0eu7 → 200 (42ms, 7451B)
[2026-03-31T16:35:10.350Z] GET https://www.arcsys.one/tracy.txt?_rsc=a0eu7 → 200 (59ms, 7714B)
[2026-03-31T16:35:10.350Z] GET https://www.arcsys.one/about.txt?_rsc=a0eu7 → 200 (48ms, 6381B)
[2026-03-31T16:35:10.350Z] GET https://www.arcsys.one/support.txt?_rsc=a0eu7 → 200 (46ms, 8364B)
[2026-03-31T16:35:10.350Z] GET https://www.arcsys.one/privacy.txt?_rsc=a0eu7 → 200 (48ms, 11452B)
[2026-03-31T16:35:10.393Z] GET https://www.arcsys.one/terms.txt?_rsc=a0eu7 → 200 (50ms, 11134B)
[2026-03-31T16:35:10.398Z] GET https://www.arcsys.one/refunds.txt?_rsc=a0eu7 → 200 (64ms, 7858B)
